Archive member included to satisfy reference by file (symbol)

C:/ST/STM32CubeIDE_1.14.1/STM32CubeIDE/plugins/com.st.stm32cube.ide.mcu.externaltools.gnu-tools-for-stm32.11.3.rel1.win32_1.1.100.202309141235/tools/bin/../lib/gcc/arm-none-eabi/11.3.1/../../../../arm-none-eabi/lib/thumb/v7e-m+fp/hard\libc_nano.a(libc_a-exit.o)
                              C:/ST/STM32CubeIDE_1.14.1/STM32CubeIDE/plugins/com.st.stm32cube.ide.mcu.externaltools.gnu-tools-for-stm32.11.3.rel1.win32_1.1.100.202309141235/tools/bin/../lib/gcc/arm-none-eabi/11.3.1/../../../../arm-none-eabi/lib/thumb/v7e-m+fp/hard/crt0.o (exit)
C:/ST/STM32CubeIDE_1.14.1/STM32CubeIDE/plugins/com.st.stm32cube.ide.mcu.externaltools.gnu-tools-for-stm32.11.3.rel1.win32_1.1.100.202309141235/tools/bin/../lib/gcc/arm-none-eabi/11.3.1/../../../../arm-none-eabi/lib/thumb/v7e-m+fp/hard\libc_nano.a(libc_a-findfp.o)
                              C:/ST/STM32CubeIDE_1.14.1/STM32CubeIDE/plugins/com.st.stm32cube.ide.mcu.externaltools.gnu-tools-for-stm32.11.3.rel1.win32_1.1.100.202309141235/tools/bin/../lib/gcc/arm-none-eabi/11.3.1/../../../../arm-none-eabi/lib/thumb/v7e-m+fp/hard\libc_nano.a(libc_a-exit.o) (__stdio_exit_handler)
C:/ST/STM32CubeIDE_1.14.1/STM32CubeIDE/plugins/com.st.stm32cube.ide.mcu.externaltools.gnu-tools-for-stm32.11.3.rel1.win32_1.1.100.202309141235/tools/bin/../lib/gcc/arm-none-eabi/11.3.1/../../../../arm-none-eabi/lib/thumb/v7e-m+fp/hard\libc_nano.a(libc_a-fwalk.o)
                              C:/ST/STM32CubeIDE_1.14.1/STM32CubeIDE/plugins/com.st.stm32cube.ide.mcu.externaltools.gnu-tools-for-stm32.11.3.rel1.win32_1.1.100.202309141235/tools/bin/../lib/gcc/arm-none-eabi/11.3.1/../../../../arm-none-eabi/lib/thumb/v7e-m+fp/hard\libc_nano.a(libc_a-findfp.o) (_fwalk_sglue)
C:/ST/STM32CubeIDE_1.14.1/STM32CubeIDE/plugins/com.st.stm32cube.ide.mcu.externaltools.gnu-tools-for-stm32.11.3.rel1.win32_1.1.100.202309141235/tools/bin/../lib/gcc/arm-none-eabi/11.3.1/../../../../arm-none-eabi/lib/thumb/v7e-m+fp/hard\libc_nano.a(libc_a-stdio.o)
                              C:/ST/STM32CubeIDE_1.14.1/STM32CubeIDE/plugins/com.st.stm32cube.ide.mcu.externaltools.gnu-tools-for-stm32.11.3.rel1.win32_1.1.100.202309141235/tools/bin/../lib/gcc/arm-none-eabi/11.3.1/../../../../arm-none-eabi/lib/thumb/v7e-m+fp/hard\libc_nano.a(libc_a-findfp.o) (__sread)
C:/ST/STM32CubeIDE_1.14.1/STM32CubeIDE/plugins/com.st.stm32cube.ide.mcu.externaltools.gnu-tools-for-stm32.11.3.rel1.win32_1.1.100.202309141235/tools/bin/../lib/gcc/arm-none-eabi/11.3.1/../../../../arm-none-eabi/lib/thumb/v7e-m+fp/hard\libc_nano.a(libc_a-memset.o)
                              C:/ST/STM32CubeIDE_1.14.1/STM32CubeIDE/plugins/com.st.stm32cube.ide.mcu.externaltools.gnu-tools-for-stm32.11.3.rel1.win32_1.1.100.202309141235/tools/bin/../lib/gcc/arm-none-eabi/11.3.1/../../../../arm-none-eabi/lib/thumb/v7e-m+fp/hard/crt0.o (memset)
C:/ST/STM32CubeIDE_1.14.1/STM32CubeIDE/plugins/com.st.stm32cube.ide.mcu.externaltools.gnu-tools-for-stm32.11.3.rel1.win32_1.1.100.202309141235/tools/bin/../lib/gcc/arm-none-eabi/11.3.1/../../../../arm-none-eabi/lib/thumb/v7e-m+fp/hard\libc_nano.a(libc_a-closer.o)
                              C:/ST/STM32CubeIDE_1.14.1/STM32CubeIDE/plugins/com.st.stm32cube.ide.mcu.externaltools.gnu-tools-for-stm32.11.3.rel1.win32_1.1.100.202309141235/tools/bin/../lib/gcc/arm-none-eabi/11.3.1/../../../../arm-none-eabi/lib/thumb/v7e-m+fp/hard\libc_nano.a(libc_a-stdio.o) (_close_r)
C:/ST/STM32CubeIDE_1.14.1/STM32CubeIDE/plugins/com.st.stm32cube.ide.mcu.externaltools.gnu-tools-for-stm32.11.3.rel1.win32_1.1.100.202309141235/tools/bin/../lib/gcc/arm-none-eabi/11.3.1/../../../../arm-none-eabi/lib/thumb/v7e-m+fp/hard\libc_nano.a(libc_a-reent.o)
                              C:/ST/STM32CubeIDE_1.14.1/STM32CubeIDE/plugins/com.st.stm32cube.ide.mcu.externaltools.gnu-tools-for-stm32.11.3.rel1.win32_1.1.100.202309141235/tools/bin/../lib/gcc/arm-none-eabi/11.3.1/../../../../arm-none-eabi/lib/thumb/v7e-m+fp/hard\libc_nano.a(libc_a-closer.o) (errno)
C:/ST/STM32CubeIDE_1.14.1/STM32CubeIDE/plugins/com.st.stm32cube.ide.mcu.externaltools.gnu-tools-for-stm32.11.3.rel1.win32_1.1.100.202309141235/tools/bin/../lib/gcc/arm-none-eabi/11.3.1/../../../../arm-none-eabi/lib/thumb/v7e-m+fp/hard\libc_nano.a(libc_a-impure.o)
                              C:/ST/STM32CubeIDE_1.14.1/STM32CubeIDE/plugins/com.st.stm32cube.ide.mcu.externaltools.gnu-tools-for-stm32.11.3.rel1.win32_1.1.100.202309141235/tools/bin/../lib/gcc/arm-none-eabi/11.3.1/../../../../arm-none-eabi/lib/thumb/v7e-m+fp/hard\libc_nano.a(libc_a-reent.o) (_impure_ptr)
C:/ST/STM32CubeIDE_1.14.1/STM32CubeIDE/plugins/com.st.stm32cube.ide.mcu.externaltools.gnu-tools-for-stm32.11.3.rel1.win32_1.1.100.202309141235/tools/bin/../lib/gcc/arm-none-eabi/11.3.1/../../../../arm-none-eabi/lib/thumb/v7e-m+fp/hard\libc_nano.a(libc_a-lseekr.o)
[...]
Memory Configuration

Name             Origin             Length             Attributes
CCMRAM           0x0000000010000000 0x0000000000010000 xrw
RAM              0x0000000020000000 0x0000000000020000 xrw
FLASH            0x0000000008000000 0x0000000000100000 xr
*default*        0x0000000000000000 0xffffffffffffffff

Linker script and memory map

LOAD C:/ST/STM32CubeIDE_1.14.1/STM32CubeIDE/plugins/com.st.stm32cube.ide.mcu.externaltools.gnu-tools-for-stm32.11.3.rel1.win32_1.1.100.202309141235/tools/bin/../lib/gcc/arm-none-eabi/11.3.1/thumb/v7e-m+fp/hard/crti.o
LOAD C:/ST/STM32CubeIDE_1.14.1/STM32CubeIDE/plugins/com.st.stm32cube.ide.mcu.externaltools.gnu-tools-for-stm32.11.3.rel1.win32_1.1.100.202309141235/tools/bin/../lib/gcc/arm-none-eabi/11.3.1/thumb/v7e-m+fp/hard/crtbegin.o
LOAD C:/ST/STM32CubeIDE_1.14.1/STM32CubeIDE/plugins/com.st.stm32cube.ide.mcu.externaltools.gnu-tools-for-stm32.11.3.rel1.win32_1.1.100.202309141235/tools/bin/../lib/gcc/arm-none-eabi/11.3.1/../../../../arm-none-eabi/lib/thumb/v7e-m+fp/hard/crt0.o
LOAD ./Core/Src/error_handler.o
LOAD ./Core/Src/main.o
LOAD ./Core/Src/stm32f4xx_it.o
LOAD ./Core/Src/syscalls.o
LOAD ./Core/Src/sysmem.o
LOAD ./Core/Src/system_stm32f4xx.o
LOAD ./Core/Src_cpp/Adafruit_RA8875.o
LOAD ./Core/Src_cpp/GPIO.o
LOAD ./Core/Src_cpp/SPI.o
LOAD ./Core/Startup/startup_stm32f407vgtx.o
LOAD ./Drivers/STM32F4xx_HAL_Driver/Src/stm32f4xx_hal.o
LOAD ./Drivers/STM32F4xx_HAL_Driver/Src/stm32f4xx_hal_cortex.o
LOAD ./Drivers/STM32F4xx_HAL_Driver/Src/stm32f4xx_hal_dma.o
LOAD ./Drivers/STM32F4xx_HAL_Driver/Src/stm32f4xx_hal_dma_ex.o
LOAD ./Drivers/STM32F4xx_HAL_Driver/Src/stm32f4xx_hal_exti.o
LOAD ./Drivers/STM32F4xx_HAL_Driver/Src/stm32f4xx_hal_flash.o
LOAD ./Drivers/STM32F4xx_HAL_Driver/Src/stm32f4xx_hal_flash_ex.o
LOAD ./Drivers/STM32F4xx_HAL_Driver/Src/stm32f4xx_hal_flash_ramfunc.o
LOAD ./Drivers/STM32F4xx_HAL_Driver/Src/stm32f4xx_hal_gpio.o
LOAD ./Drivers/STM32F4xx_HAL_Driver/Src/stm32f4xx_hal_hcd.o
LOAD ./Drivers/STM32F4xx_HAL_Driver/Src/stm32f4xx_hal_i2c.o
LOAD ./Drivers/STM32F4xx_HAL_Driver/Src/stm32f4xx_hal_i2c_ex.o
LOAD ./Drivers/STM32F4xx_HAL_Driver/Src/stm32f4xx_hal_pwr.o
LOAD ./Drivers/STM32F4xx_HAL_Driver/Src/stm32f4xx_hal_pwr_ex.o
LOAD ./Drivers/STM32F4xx_HAL_Driver/Src/stm32f4xx_hal_rcc.o
LOAD ./Drivers/STM32F4xx_HAL_Driver/Src/stm32f4xx_hal_rcc_ex.o
LOAD ./Drivers/STM32F4xx_HAL_Driver/Src/stm32f4xx_hal_spi.o
LOAD ./Drivers/STM32F4xx_HAL_Driver/Src/stm32f4xx_hal_tim.o
LOAD ./Drivers/STM32F4xx_HAL_Driver/Src/stm32f4xx_hal_tim_ex.o
LOAD ./Drivers/STM32F4xx_HAL_Driver/Src/stm32f4xx_ll_usb.o
START GROUP
LOAD C:/ST/STM32CubeIDE_1.14.1/STM32CubeIDE/plugins/com.st.stm32cube.ide.mcu.externaltools.gnu-tools-for-stm32.11.3.rel1.win32_1.1.100.202309141235/tools/bin/../lib/gcc/arm-none-eabi/11.3.1/../../../../arm-none-eabi/lib/thumb/v7e-m+fp/hard\libstdc++_nano.a
LOAD C:/ST/STM32CubeIDE_1.14.1/STM32CubeIDE/plugins/com.st.stm32cube.ide.mcu.externaltools.gnu-tools-for-stm32.11.3.rel1.win32_1.1.100.202309141235/tools/bin/../lib/gcc/arm-none-eabi/11.3.1/../../../../arm-none-eabi/lib/thumb/v7e-m+fp/hard\libsupc++_nano.a
END GROUP
LOAD C:/ST/STM32CubeIDE_1.14.1/STM32CubeIDE/plugins/com.st.stm32cube.ide.mcu.externaltools.gnu-tools-for-stm32.11.3.rel1.win32_1.1.100.202309141235/tools/bin/../lib/gcc/arm-none-eabi/11.3.1/../../../../arm-none-eabi/lib/thumb/v7e-m+fp/hard\libstdc++_nano.a
LOAD C:/ST/STM32CubeIDE_1.14.1/STM32CubeIDE/plugins/com.st.stm32cube.ide.mcu.externaltools.gnu-tools-for-stm32.11.3.rel1.win32_1.1.100.202309141235/tools/bin/../lib/gcc/arm-none-eabi/11.3.1/../../../../arm-none-eabi/lib/thumb/v7e-m+fp/hard\libm.a
LOAD C:/ST/STM32CubeIDE_1.14.1/STM32CubeIDE/plugins/com.st.stm32cube.ide.mcu.externaltools.gnu-tools-for-stm32.11.3.rel1.win32_1.1.100.202309141235/tools/bin/../lib/gcc/arm-none-eabi/11.3.1/../../../../arm-none-eabi/lib/thumb/v7e-m+fp/hard\libc_nano.a
START GROUP
LOAD C:/ST/STM32CubeIDE_1.14.1/STM32CubeIDE/plugins/com.st.stm32cube.ide.mcu.externaltools.gnu-tools-for-stm32.11.3.rel1.win32_1.1.100.202309141235/tools/bin/../lib/gcc/arm-none-eabi/11.3.1/thumb/v7e-m+fp/hard\libgcc.a
LOAD C:/ST/STM32CubeIDE_1.14.1/STM32CubeIDE/plugins/com.st.stm32cube.ide.mcu.externaltools.gnu-tools-for-stm32.11.3.rel1.win32_1.1.100.202309141235/tools/bin/../lib/gcc/arm-none-eabi/11.3.1/../../../../arm-none-eabi/lib/thumb/v7e-m+fp/hard\libc_nano.a
END GROUP
START GROUP
LOAD C:/ST/STM32CubeIDE_1.14.1/STM32CubeIDE/plugins/com.st.stm32cube.ide.mcu.externaltools.gnu-tools-for-stm32.11.3.rel1.win32_1.1.100.202309141235/tools/bin/../lib/gcc/arm-none-eabi/11.3.1/thumb/v7e-m+fp/hard\libgcc.a
LOAD C:/ST/STM32CubeIDE_1.14.1/STM32CubeIDE/plugins/com.st.stm32cube.ide.mcu.externaltools.gnu-tools-for-stm32.11.3.rel1.win32_1.1.100.202309141235/tools/bin/../lib/gcc/arm-none-eabi/11.3.1/../../../../arm-none-eabi/lib/thumb/v7e-m+fp/hard\libc_nano.a
LOAD C:/ST/STM32CubeIDE_1.14.1/STM32CubeIDE/plugins/com.st.stm32cube.ide.mcu.externaltools.gnu-tools-for-stm32.11.3.rel1.win32_1.1.100.202309141235/tools/bin/../lib/gcc/arm-none-eabi/11.3.1/../../../../arm-none-eabi/lib/thumb/v7e-m+fp/hard\libnosys.a
END GROUP
START GROUP
LOAD C:/ST/STM32CubeIDE_1.14.1/STM32CubeIDE/plugins/com.st.stm32cube.ide.mcu.externaltools.gnu-tools-for-stm32.11.3.rel1.win32_1.1.100.202309141235/tools/bin/../lib/gcc/arm-none-eabi/11.3.1/thumb/v7e-m+fp/hard\libgcc.a
LOAD C:/ST/STM32CubeIDE_1.14.1/STM32CubeIDE/plugins/com.st.stm32cube.ide.mcu.externaltools.gnu-tools-for-stm32.11.3.rel1.win32_1.1.100.202309141235/tools/bin/../lib/gcc/arm-none-eabi/11.3.1/../../../../arm-none-eabi/lib/thumb/v7e-m+fp/hard\libc_nano.a
LOAD C:/ST/STM32CubeIDE_1.14.1/STM32CubeIDE/plugins/com.st.stm32cube.ide.mcu.externaltools.gnu-tools-for-stm32.11.3.rel1.win32_1.1.100.202309141235/tools/bin/../lib/gcc/arm-none-eabi/11.3.1/../../../../arm-none-eabi/lib/thumb/v7e-m+fp/hard\libnosys.a
END GROUP
LOAD C:/ST/STM32CubeIDE_1.14.1/STM32CubeIDE/plugins/com.st.stm32cube.ide.mcu.externaltools.gnu-tools-for-stm32.11.3.rel1.win32_1.1.100.202309141235/tools/bin/../lib/gcc/arm-none-eabi/11.3.1/thumb/v7e-m+fp/hard/crtend.o
LOAD C:/ST/STM32CubeIDE_1.14.1/STM32CubeIDE/plugins/com.st.stm32cube.ide.mcu.externaltools.gnu-tools-for-stm32.11.3.rel1.win32_1.1.100.202309141235/tools/bin/../lib/gcc/arm-none-eabi/11.3.1/thumb/v7e-m+fp/hard/crtn.o
                0x0000000020020000                _estack = (ORIGIN (RAM) + LENGTH (RAM))
                0x0000000000000200                _Min_Heap_Size = 0x200
                0x0000000000000400                _Min_Stack_Size = 0x400

.isr_vector     0x0000000008000000      0x188
                0x0000000008000000                . = ALIGN (0x4)
 *(.isr_vector)
 .isr_vector    0x0000000008000000      0x188 ./Core/Startup/startup_stm32f407vgtx.o
                0x0000000008000000                g_pfnVectors
                0x0000000008000188                . = ALIGN (0x4)

.text           0x0000000008000188     0x3750
                0x0000000008000188                . = ALIGN (0x4)
 *(.text)
 .text          0x0000000008000188       0x40 C:/ST/STM32CubeIDE_1.14.1/STM32CubeIDE/plugins/com.st.stm32cube.ide.mcu.externaltools.gnu-tools-for-stm32.11.3.rel1.win32_1.1.100.202309141235/tools/bin/../lib/gcc/arm-none-eabi/11.3.1/thumb/v7e-m+fp/hard/crtbegin.o
 .text          0x00000000080001c8       0x10 C:/ST/STM32CubeIDE_1.14.1/STM32CubeIDE/plugins/com.st.stm32cube.ide.mcu.externaltools.gnu-tools-for-stm32.11.3.rel1.win32_1.1.100.202309141235/tools/bin/../lib/gcc/arm-none-eabi/11.3.1/../../../../arm-none-eabi/lib/thumb/v7e-m+fp/hard\libc_nano.a(libc_a-strlen.o)
                0x00000000080001c8                strlen
 .text          0x00000000080001d8       0x30 C:/ST/STM32CubeIDE_1.14.1/STM32CubeIDE/plugins/com.st.stm32cube.ide.mcu.externaltools.gnu-tools-for-stm32.11.3.rel1.win32_1.1.100.202309141235/tools/bin/../lib/gcc/arm-none-eabi/11.3.1/thumb/v7e-m+fp/hard\libgcc.a(_aeabi_uldivmod.o)
                0x00000000080001d8                __aeabi_uldivmod
 .text          0x0000000008000208      0x2c8 C:/ST/STM32CubeIDE_1.14.1/STM32CubeIDE/plugins/com.st.stm32cube.ide.mcu.externaltools.gnu-tools-for-stm32.11.3.rel1.win32_1.1.100.202309141235/tools/bin/../lib/gcc/arm-none-eabi/11.3.1/thumb/v7e-m+fp/hard\libgcc.a(_udivmoddi4.o)
                0x0000000008000208                __udivmoddi4
 .text          0x00000000080004d0        0x4 C:/ST/STM32CubeIDE_1.14.1/STM32CubeIDE/plugins/com.st.stm32cube.ide.mcu.externaltools.gnu-tools-for-stm32.11.3.rel1.win32_1.1.100.202309141235/tools/bin/../lib/gcc/arm-none-eabi/11.3.1/thumb/v7e-m+fp/hard\libgcc.a(_dvmd_tls.o)
                0x00000000080004d0                __aeabi_idiv0
                0x00000000080004d0                __aeabi_ldiv0
 *(.text*)
 .text.Error_Handler
                0x00000000080004d4        0x6 ./Core/Src/error_handler.o
                0x00000000080004d4                Error_Handler
 *fill*         0x00000000080004da        0x2 
 .text.main     0x00000000080004dc      0x29c ./Core/Src/main.o
                0x00000000080004dc                main
 .text.SystemClock_Config
                0x0000000008000778      0x134 ./Core/Src/main.o
                0x0000000008000778                SystemClock_Config
 .text.SysTick_Handler
                0x00000000080008ac        0xc ./Core/Src/stm32f4xx_it.o
                0x00000000080008ac                SysTick_Handler
 .text.SystemInit
                0x00000000080008b8       0x24 ./Core/Src/system_stm32f4xx.o
                0x00000000080008b8                SystemInit
 .text._ZN15Adafruit_RA88755writeEh
                0x00000000080008dc       0x22 ./Core/Src_cpp/Adafruit_RA8875.o
                0x00000000080008dc                Adafruit_RA8875::write(unsigned char)
 .text._ZN15Adafruit_RA88755writeEPKhj
                0x00000000080008fe       0x24 ./Core/Src_cpp/Adafruit_RA8875.o
                0x00000000080008fe                Adafruit_RA8875::write(unsigned char const*, unsigned int)
 *fill*         0x0000000008000922        0x2 
 .text._ZN15Adafruit_RA887512getSPIConfigEv
                0x0000000008000924       0x24 ./Core/Src_cpp/Adafruit_RA8875.o
                0x0000000008000924                Adafruit_RA8875::getSPIConfig()
 .text._ZN15Adafruit_RA88754swapERsS0_
                0x0000000008000948       0x2e ./Core/Src_cpp/Adafruit_RA8875.o
                0x0000000008000948                Adafruit_RA8875::swap(short&, short&)
 *fill*         0x0000000008000976        0x2 
 .text._ZN15Adafruit_RA8875C2EP12GPIO_TypeDeftS1_t
                0x0000000008000978       0x84 ./Core/Src_cpp/Adafruit_RA8875.o
                0x0000000008000978                Adafruit_RA8875::Adafruit_RA8875(GPIO_TypeDef*, unsigned short, GPIO_TypeDef*, unsigned short)
                0x0000000008000978                Adafruit_RA8875::Adafruit_RA8875(GPIO_TypeDef*, unsigned short, GPIO_TypeDef*, unsigned short)
 .text._ZN15Adafruit_RA88755beginE11RA8875sizes
                0x00000000080009fc      0x11c ./Core/Src_cpp/Adafruit_RA8875.o
                0x00000000080009fc                Adafruit_RA8875::begin(RA8875sizes)
 .text._ZN15Adafruit_RA88757PLLinitEv
                0x0000000008000b18       0x72 ./Core/Src_cpp/Adafruit_RA8875.o
                0x0000000008000b18                Adafruit_RA8875::PLLinit()
 .text._ZN15Adafruit_RA887510initializeEv
                0x0000000008000b8a      0x290 ./Core/Src_cpp/Adafruit_RA8875.o
                0x0000000008000b8a                Adafruit_RA8875::initialize()
 .text._ZN15Adafruit_RA88759textWriteEPKct
                0x0000000008000e1a       0x64 ./Core/Src_cpp/Adafruit_RA8875.o
                0x0000000008000e1a                Adafruit_RA8875::textWrite(char const*, unsigned short)
 .text._ZN15Adafruit_RA88758waitPollEhh
                0x0000000008000e7e       0x34 ./Core/Src_cpp/Adafruit_RA8875.o
                0x0000000008000e7e                Adafruit_RA8875::waitPoll(unsigned char, unsigned char)
 .text._ZN15Adafruit_RA887514applyRotationXEs
                0x0000000008000eb2       0x3a ./Core/Src_cpp/Adafruit_RA8875.o
                0x0000000008000eb2                Adafruit_RA8875::applyRotationX(short)
 .text._ZN15Adafruit_RA887514applyRotationYEs
                0x0000000008000eec       0x46 ./Core/Src_cpp/Adafruit_RA8875.o
                0x0000000008000eec                Adafruit_RA8875::applyRotationY(short)
 .text._ZN15Adafruit_RA88759drawPixelEsst
                0x0000000008000f32       0xd8 ./Core/Src_cpp/Adafruit_RA8875.o
                0x0000000008000f32                Adafruit_RA8875::drawPixel(short, short, unsigned short)
 .text._ZN15Adafruit_RA88758drawLineEsssst
                0x000000000800100a      0x184 ./Core/Src_cpp/Adafruit_RA8875.o
                0x000000000800100a                Adafruit_RA8875::drawLine(short, short, short, short, unsigned short)
 .text._ZN15Adafruit_RA88758drawRectEsssst
                0x000000000800118e       0x5a ./Core/Src_cpp/Adafruit_RA8875.o
                0x000000000800118e                Adafruit_RA8875::drawRect(short, short, short, short, unsigned short)
 .text._ZN15Adafruit_RA88758fillRectEsssst
                0x00000000080011e8       0x5a ./Core/Src_cpp/Adafruit_RA8875.o
                0x00000000080011e8                Adafruit_RA8875::fillRect(short, short, short, short, unsigned short)
 .text._ZN15Adafruit_RA887510fillScreenEt
                0x0000000008001242       0x42 ./Core/Src_cpp/Adafruit_RA8875.o
                0x0000000008001242                Adafruit_RA8875::fillScreen(unsigned short)
 .text._ZN15Adafruit_RA887510drawCircleEssst
                0x0000000008001284       0x3e ./Core/Src_cpp/Adafruit_RA8875.o
                0x0000000008001284                Adafruit_RA8875::drawCircle(short, short, short, unsigned short)
 .text._ZN15Adafruit_RA887510fillCircleEssst
                0x00000000080012c2       0x3e ./Core/Src_cpp/Adafruit_RA8875.o
                0x00000000080012c2                Adafruit_RA8875::fillCircle(short, short, short, unsigned short)
 .text._ZN15Adafruit_RA887512drawTriangleEsssssst
                0x0000000008001300       0x50 ./Core/Src_cpp/Adafruit_RA8875.o
                0x0000000008001300                Adafruit_RA8875::drawTriangle(short, short, short, short, short, short, unsigned short)
 .text._ZN15Adafruit_RA887512fillTriangleEsssssst
                0x0000000008001350       0x50 ./Core/Src_cpp/Adafruit_RA8875.o
                0x0000000008001350                Adafruit_RA8875::fillTriangle(short, short, short, short, short, short, unsigned short)
 .text._ZN15Adafruit_RA887511drawEllipseEsssst
                0x00000000080013a0       0x44 ./Core/Src_cpp/Adafruit_RA8875.o
                0x00000000080013a0                Adafruit_RA8875::drawEllipse(short, short, short, short, unsigned short)
 .text._ZN15Adafruit_RA887511fillEllipseEsssst
                0x00000000080013e4       0x44 ./Core/Src_cpp/Adafruit_RA8875.o
                0x00000000080013e4                Adafruit_RA8875::fillEllipse(short, short, short, short, unsigned short)
 .text._ZN15Adafruit_RA88759drawCurveEssssht
                0x0000000008001428       0x48 ./Core/Src_cpp/Adafruit_RA8875.o
                0x0000000008001428                Adafruit_RA8875::drawCurve(short, short, short, short, unsigned char, unsigned short)
 .text._ZN15Adafruit_RA88759fillCurveEssssht
                0x0000000008001470       0x48 ./Core/Src_cpp/Adafruit_RA8875.o
                0x0000000008001470                Adafruit_RA8875::fillCurve(short, short, short, short, unsigned char, unsigned short)
 .text._ZN15Adafruit_RA887513fillRoundRectEssssst
                0x00000000080014b8       0x58 ./Core/Src_cpp/Adafruit_RA8875.o
                0x00000000080014b8                Adafruit_RA8875::fillRoundRect(short, short, short, short, short, unsigned short)
 .text._ZN15Adafruit_RA887512circleHelperEssstb
                0x0000000008001510      0x12c ./Core/Src_cpp/Adafruit_RA8875.o
                0x0000000008001510                Adafruit_RA8875::circleHelper(short, short, short, unsigned short, bool)
 .text._ZN15Adafruit_RA887510rectHelperEsssstb
                0x000000000800163c      0x196 ./Core/Src_cpp/Adafruit_RA8875.o
                0x000000000800163c                Adafruit_RA8875::rectHelper(short, short, short, short, unsigned short, bool)
 .text._ZN15Adafruit_RA887514triangleHelperEsssssstb
                0x00000000080017d2      0x212 ./Core/Src_cpp/Adafruit_RA8875.o
                0x00000000080017d2                Adafruit_RA8875::triangleHelper(short, short, short, short, short, short, unsigned short, bool)
 .text._ZN15Adafruit_RA887513ellipseHelperEsssstb
                0x00000000080019e4      0x176 ./Core/Src_cpp/Adafruit_RA8875.o
                0x00000000080019e4                Adafruit_RA8875::ellipseHelper(short, short, short, short, unsigned short, bool)
 .text._ZN15Adafruit_RA887511curveHelperEsssshtb
                0x0000000008001b5a      0x1a4 ./Core/Src_cpp/Adafruit_RA8875.o
                0x0000000008001b5a                Adafruit_RA8875::curveHelper(short, short, short, short, unsigned char, unsigned short, bool)
 .text._ZN15Adafruit_RA887515roundRectHelperEssssstb
                0x0000000008001cfe      0x230 ./Core/Src_cpp/Adafruit_RA8875.o
                0x0000000008001cfe                Adafruit_RA8875::roundRectHelper(short, short, short, short, short, unsigned short, bool)
 .text._ZN15Adafruit_RA88755GPIOXEb
                0x0000000008001f2e       0x30 ./Core/Src_cpp/Adafruit_RA8875.o
                0x0000000008001f2e                Adafruit_RA8875::GPIOX(bool)
 .text._ZN15Adafruit_RA88757PWM1outEh
                0x0000000008001f5e       0x20 ./Core/Src_cpp/Adafruit_RA8875.o
                0x0000000008001f5e                Adafruit_RA8875::PWM1out(unsigned char)
 .text._ZN15Adafruit_RA887510PWM1configEbh
                0x0000000008001f7e       0x4a ./Core/Src_cpp/Adafruit_RA8875.o
                0x0000000008001f7e                Adafruit_RA8875::PWM1config(bool, unsigned char)
 .text._ZN15Adafruit_RA887511touchEnableEb
                0x0000000008001fc8       0x88 ./Core/Src_cpp/Adafruit_RA8875.o
                0x0000000008001fc8                Adafruit_RA8875::touchEnable(bool)
 .text._ZN15Adafruit_RA88759displayOnEb
                0x0000000008002050       0x30 ./Core/Src_cpp/Adafruit_RA8875.o
                0x0000000008002050                Adafruit_RA8875::displayOn(bool)
 .text._ZN15Adafruit_RA88758writeRegEhh
                0x0000000008002080       0x2c ./Core/Src_cpp/Adafruit_RA8875.o
                0x0000000008002080                Adafruit_RA8875::writeReg(unsigned char, unsigned char)
 .text._ZN15Adafruit_RA88757readRegEh
                0x00000000080020ac       0x26 ./Core/Src_cpp/Adafruit_RA8875.o
                0x00000000080020ac                Adafruit_RA8875::readReg(unsigned char)
 .text._ZN15Adafruit_RA88759writeDataEh
                0x00000000080020d2       0x5a ./Core/Src_cpp/Adafruit_RA8875.o
                0x00000000080020d2                Adafruit_RA8875::writeData(unsigned char)
 .text._ZN15Adafruit_RA88758readDataEv
                0x000000000800212c       0x5a ./Core/Src_cpp/Adafruit_RA8875.o
                0x000000000800212c                Adafruit_RA8875::readData()
 .text._ZN15Adafruit_RA887512writeCommandEh
                0x0000000008002186       0x5a ./Core/Src_cpp/Adafruit_RA8875.o
                0x0000000008002186                Adafruit_RA8875::writeCommand(unsigned char)
 .text._ZN4GPIOC2EP12GPIO_TypeDefthh
                0x00000000080021e0       0x44 ./Core/Src_cpp/GPIO.o
                0x00000000080021e0                GPIO::GPIO(GPIO_TypeDef*, unsigned short, unsigned char, unsigned char)
                0x00000000080021e0                GPIO::GPIO(GPIO_TypeDef*, unsigned short, unsigned char, unsigned char)
 .text._ZN4GPIO4initEhh
                0x0000000008002224      0x178 ./Core/Src_cpp/GPIO.o
                0x0000000008002224                GPIO::init(unsigned char, unsigned char)
 .text._ZN4GPIO5writeE13GPIO_PinState
                0x000000000800239c       0x24 ./Core/Src_cpp/GPIO.o
                0x000000000800239c                GPIO::write(GPIO_PinState)
 .text._ZN3SPIC2ERK10SPI_Config
                0x00000000080023c0      0x158 ./Core/Src_cpp/SPI.o
                0x00000000080023c0                SPI::SPI(SPI_Config const&)
                0x00000000080023c0                SPI::SPI(SPI_Config const&)
 .text._ZN3SPI4initERK10SPI_Config
                0x0000000008002518      0x12c ./Core/Src_cpp/SPI.o
                0x0000000008002518                SPI::init(SPI_Config const&)
 .text._ZN3SPI14configureClockEv
                0x0000000008002644       0x6c ./Core/Src_cpp/SPI.o
                0x0000000008002644                SPI::configureClock()
 .text._ZN3SPI8transferEh
                0x00000000080026b0       0x5c ./Core/Src_cpp/SPI.o
                0x00000000080026b0                SPI::transfer(unsigned char)
 .text._ZN3SPI5beginEv
                0x000000000800270c       0x24 ./Core/Src_cpp/SPI.o
                0x000000000800270c                SPI::begin()
 .text._ZN3SPI3endEv
                0x0000000008002730       0x3e ./Core/Src_cpp/SPI.o
                0x0000000008002730                SPI::end()
 *fill*         0x000000000800276e        0x2 
 .text.Reset_Handler
                0x0000000008002770       0x50 ./Core/Startup/startup_stm32f407vgtx.o
                0x0000000008002770                Reset_Handler
 .text.Default_Handler
                0x00000000080027c0        0x2 ./Core/Startup/startup_stm32f407vgtx.o
                0x00000000080027c0                RTC_Alarm_IRQHandler
                0x00000000080027c0                HASH_RNG_IRQHandler
                0x00000000080027c0                EXTI2_IRQHandler
                0x00000000080027c0                TIM8_CC_IRQHandler
                0x00000000080027c0                DebugMon_Handler
                0x00000000080027c0                TIM1_CC_IRQHandler
                0x00000000080027c0                DMA2_Stream5_IRQHandler
                0x00000000080027c0                HardFault_Handler
                0x00000000080027c0                DMA1_Stream5_IRQHandler
                0x00000000080027c0                PVD_IRQHandler
                0x00000000080027c0                SDIO_IRQHandler
                0x00000000080027c0                TAMP_STAMP_IRQHandler
                0x00000000080027c0                PendSV_Handler
                0x00000000080027c0                NMI_Handler
                0x00000000080027c0                CAN2_RX1_IRQHandler
                0x00000000080027c0                EXTI3_IRQHandler
                0x00000000080027c0                TIM8_TRG_COM_TIM14_IRQHandler
                0x00000000080027c0                TIM1_UP_TIM10_IRQHandler
                0x00000000080027c0                TIM8_UP_TIM13_IRQHandler
                0x00000000080027c0                I2C3_ER_IRQHandler
                0x00000000080027c0                EXTI0_IRQHandler
                0x00000000080027c0                I2C2_EV_IRQHandler
                0x00000000080027c0                DMA1_Stream2_IRQHandler
                0x00000000080027c0                CAN1_RX0_IRQHandler
                0x00000000080027c0                FPU_IRQHandler
                0x00000000080027c0                OTG_HS_WKUP_IRQHandler
                0x00000000080027c0                UsageFault_Handler
                0x00000000080027c0                CAN2_SCE_IRQHandler
                0x00000000080027c0                DMA2_Stream2_IRQHandler
                0x00000000080027c0                SPI1_IRQHandler
                0x00000000080027c0                TIM6_DAC_IRQHandler
                0x00000000080027c0                TIM1_BRK_TIM9_IRQHandler
                0x00000000080027c0                DCMI_IRQHandler
                0x00000000080027c0                CAN2_RX0_IRQHandler
                0x00000000080027c0                DMA2_Stream3_IRQHandler
                0x00000000080027c0                USART6_IRQHandler
                0x00000000080027c0                USART3_IRQHandler
                0x00000000080027c0                CAN1_RX1_IRQHandler
                0x00000000080027c0                UART5_IRQHandler
                0x00000000080027c0                DMA2_Stream0_IRQHandler
                0x00000000080027c0                TIM4_IRQHandler
                0x00000000080027c0                I2C1_EV_IRQHandler
                0x00000000080027c0                DMA1_Stream6_IRQHandler
                0x00000000080027c0                DMA1_Stream1_IRQHandler
                0x00000000080027c0                UART4_IRQHandler
                0x00000000080027c0                TIM3_IRQHandler
                0x00000000080027c0                RCC_IRQHandler
                0x00000000080027c0                TIM8_BRK_TIM12_IRQHandler
                0x00000000080027c0                Default_Handler
                0x00000000080027c0                EXTI15_10_IRQHandler
                0x00000000080027c0                ADC_IRQHandler
                0x00000000080027c0                DMA1_Stream7_IRQHandler
                0x00000000080027c0                TIM7_IRQHandler
                0x00000000080027c0                CAN2_TX_IRQHandler
                0x00000000080027c0                TIM5_IRQHandler
                0x00000000080027c0                DMA2_Stream7_IRQHandler
                0x00000000080027c0                I2C3_EV_IRQHandler
                0x00000000080027c0                EXTI9_5_IRQHandler
                0x00000000080027c0                RTC_WKUP_IRQHandler
                0x00000000080027c0                ETH_WKUP_IRQHandler
                0x00000000080027c0                SPI2_IRQHandler
                0x00000000080027c0                OTG_HS_EP1_IN_IRQHandler
                0x00000000080027c0                MemManage_Handler
                0x00000000080027c0                DMA1_Stream0_IRQHandler
                0x00000000080027c0                CAN1_TX_IRQHandler
                0x00000000080027c0                SVC_Handler
                0x00000000080027c0                EXTI4_IRQHandler
                0x00000000080027c0                FSMC_IRQHandler
                0x00000000080027c0                ETH_IRQHandler
                0x00000000080027c0                OTG_HS_EP1_OUT_IRQHandler
                0x00000000080027c0                WWDG_IRQHandler
                0x00000000080027c0                TIM2_IRQHandler
                0x00000000080027c0                OTG_FS_WKUP_IRQHandler
                0x00000000080027c0                TIM1_TRG_COM_TIM11_IRQHandler
                0x00000000080027c0                OTG_HS_IRQHandler
                0x00000000080027c0                EXTI1_IRQHandler
                0x00000000080027c0                USART2_IRQHandler
                0x00000000080027c0                I2C2_ER_IRQHandler
                0x00000000080027c0                DMA2_Stream1_IRQHandler
                0x00000000080027c0                CAN1_SCE_IRQHandler
                0x00000000080027c0                FLASH_IRQHandler
                0x00000000080027c0                DMA2_Stream4_IRQHandler
                0x00000000080027c0                BusFault_Handler
                0x00000000080027c0                USART1_IRQHandler
                0x00000000080027c0                OTG_FS_IRQHandler
                0x00000000080027c0                SPI3_IRQHandler
                0x00000000080027c0                DMA1_Stream4_IRQHandler
                0x00000000080027c0                I2C1_ER_IRQHandler
                0x00000000080027c0                DMA2_Stream6_IRQHandler
                0x00000000080027c0                DMA1_Stream3_IRQHandler
 *fill*         0x00000000080027c2        0x2 
 .text.HAL_Init
                0x00000000080027c4       0x44 ./Drivers/STM32F4xx_HAL_Driver/Src/stm32f4xx_hal.o
                0x00000000080027c4                HAL_Init
 .text.HAL_MspInit
                0x0000000008002808        0xe ./Drivers/STM32F4xx_HAL_Driver/Src/stm32f4xx_hal.o
                0x0000000008002808                HAL_MspInit
 *fill*         0x0000000008002816        0x2 
 .text.HAL_InitTick
                0x0000000008002818       0x60 ./Drivers/STM32F4xx_HAL_Driver/Src/stm32f4xx_hal.o
                0x0000000008002818                HAL_InitTick
 .text.HAL_IncTick
                0x0000000008002878       0x28 ./Drivers/STM32F4xx_HAL_Driver/Src/stm32f4xx_hal.o
                0x0000000008002878                HAL_IncTick
 .text.HAL_GetTick
                0x00000000080028a0       0x18 ./Drivers/STM32F4xx_HAL_Driver/Src/stm32f4xx_hal.o
                0x00000000080028a0                HAL_GetTick
 .text.HAL_Delay
                0x00000000080028b8       0x48 ./Drivers/STM32F4xx_HAL_Driver/Src/stm32f4xx_hal.o
                0x00000000080028b8                HAL_Delay
 .text.__NVIC_SetPriorityGrouping
                0x0000000008002900       0x48 ./Drivers/STM32F4xx_HAL_Driver/Src/stm32f4xx_hal_cortex.o
 .text.__NVIC_GetPriorityGrouping
                0x0000000008002948       0x1c ./Drivers/STM32F4xx_HAL_Driver/Src/stm32f4xx_hal_cortex.o
 .text.__NVIC_SetPriority
                0x0000000008002964       0x54 ./Drivers/STM32F4xx_HAL_Driver/Src/stm32f4xx_hal_cortex.o
 .text.NVIC_EncodePriority
                0x00000000080029b8       0x66 ./Drivers/STM32F4xx_HAL_Driver/Src/stm32f4xx_hal_cortex.o
 *fill*         0x0000000008002a1e        0x2 
 .text.SysTick_Config
                0x0000000008002a20       0x44 ./Drivers/STM32F4xx_HAL_Driver/Src/stm32f4xx_hal_cortex.o
 .text.HAL_NVIC_SetPriorityGrouping
                0x0000000008002a64       0x16 ./Drivers/STM32F4xx_HAL_Driver/Src/stm32f4xx_hal_cortex.o
                0x0000000008002a64                HAL_NVIC_SetPriorityGrouping
 .text.HAL_NVIC_SetPriority
                0x0000000008002a7a       0x38 ./Drivers/STM32F4xx_HAL_Driver/Src/stm32f4xx_hal_cortex.o
                0x0000000008002a7a                HAL_NVIC_SetPriority
 .text.HAL_SYSTICK_Config
                0x0000000008002ab2       0x18 ./Drivers/STM32F4xx_HAL_Driver/Src/stm32f4xx_hal_cortex.o
                0x0000000008002ab2                HAL_SYSTICK_Config
 *fill*         0x0000000008002aca        0x2 
 .text.HAL_SYSTICK_CLKSourceConfig
                0x0000000008002acc       0x38 ./Drivers/STM32F4xx_HAL_Driver/Src/stm32f4xx_hal_cortex.o
                0x0000000008002acc                HAL_SYSTICK_CLKSourceConfig
 .text.HAL_GPIO_Init
                0x0000000008002b04      0x338 ./Drivers/STM32F4xx_HAL_Driver/Src/stm32f4xx_hal_gpio.o
                0x0000000008002b04                HAL_GPIO_Init
 .text.HAL_GPIO_WritePin
                0x0000000008002e3c       0x32 ./Drivers/STM32F4xx_HAL_Driver/Src/stm32f4xx_hal_gpio.o
                0x0000000008002e3c                HAL_GPIO_WritePin
 *fill*         0x0000000008002e6e        0x2 
 .text.HAL_RCC_OscConfig
                0x0000000008002e70      0x4f0 ./Drivers/STM32F4xx_HAL_Driver/Src/stm32f4xx_hal_rcc.o
                0x0000000008002e70                HAL_RCC_OscConfig
 .text.HAL_RCC_ClockConfig
                0x0000000008003360      0x1cc ./Drivers/STM32F4xx_HAL_Driver/Src/stm32f4xx_hal_rcc.o
                0x0000000008003360                HAL_RCC_ClockConfig
 .text.HAL_RCC_GetSysClockFreq
                0x000000000800352c      0x20c ./Drivers/STM32F4xx_HAL_Driver/Src/stm32f4xx_hal_rcc.o
                0x000000000800352c                HAL_RCC_GetSysClockFreq
 .text.HAL_RCC_GetHCLKFreq
                0x0000000008003738       0x18 ./Drivers/STM32F4xx_HAL_Driver/Src/stm32f4xx_hal_rcc.o
                0x0000000008003738                HAL_RCC_GetHCLKFreq
 .text.HAL_SPI_Init
                0x0000000008003750      0x112 ./Drivers/STM32F4xx_HAL_Driver/Src/stm32f4xx_hal_spi.o
                0x0000000008003750                HAL_SPI_Init
 .text.HAL_SPI_MspInit
                0x0000000008003862       0x14 ./Drivers/STM32F4xx_HAL_Driver/Src/stm32f4xx_hal_spi.o
                0x0000000008003862                HAL_SPI_MspInit
 *fill*         0x0000000008003876        0x2 
 .text.__libc_init_array
                0x0000000008003878       0x48 C:/ST/STM32CubeIDE_1.14.1/STM32CubeIDE/plugins/com.st.stm32cube.ide.mcu.externaltools.gnu-tools-for-stm32.11.3.rel1.win32_1.1.100.202309141235/tools/bin/../lib/gcc/arm-none-eabi/11.3.1/../../../../arm-none-eabi/lib/thumb/v7e-m+fp/hard\libc_nano.a(libc_a-init.o)
                0x0000000008003878                __libc_init_array
 *(.glue_7)
 .glue_7        0x00000000080038c0        0x0 linker stubs
 *(.glue_7t)
 .glue_7t       0x00000000080038c0        0x0 linker stubs
 *(.eh_frame)
 .eh_frame      0x00000000080038c0        0x0 C:/ST/STM32CubeIDE_1.14.1/STM32CubeIDE/plugins/com.st.stm32cube.ide.mcu.externaltools.gnu-tools-for-stm32.11.3.rel1.win32_1.1.100.202309141235/tools/bin/../lib/gcc/arm-none-eabi/11.3.1/thumb/v7e-m+fp/hard/crtbegin.o
 *(.init)
 .init          0x00000000080038c0        0x4 C:/ST/STM32CubeIDE_1.14.1/STM32CubeIDE/plugins/com.st.stm32cube.ide.mcu.externaltools.gnu-tools-for-stm32.11.3.rel1.win32_1.1.100.202309141235/tools/bin/../lib/gcc/arm-none-eabi/11.3.1/thumb/v7e-m+fp/hard/crti.o
                0x00000000080038c0                _init
 .init          0x00000000080038c4        0x8 C:/ST/STM32CubeIDE_1.14.1/STM32CubeIDE/plugins/com.st.stm32cube.ide.mcu.externaltools.gnu-tools-for-stm32.11.3.rel1.win32_1.1.100.202309141235/tools/bin/../lib/gcc/arm-none-eabi/11.3.1/thumb/v7e-m+fp/hard/crtn.o
 *(.fini)
 .fini          0x00000000080038cc        0x4 C:/ST/STM32CubeIDE_1.14.1/STM32CubeIDE/plugins/com.st.stm32cube.ide.mcu.externaltools.gnu-tools-for-stm32.11.3.rel1.win32_1.1.100.202309141235/tools/bin/../lib/gcc/arm-none-eabi/11.3.1/thumb/v7e-m+fp/hard/crti.o
                0x00000000080038cc                _fini
 .fini          0x00000000080038d0        0x8 C:/ST/STM32CubeIDE_1.14.1/STM32CubeIDE/plugins/com.st.stm32cube.ide.mcu.externaltools.gnu-tools-for-stm32.11.3.rel1.win32_1.1.100.202309141235/tools/bin/../lib/gcc/arm-none-eabi/11.3.1/thumb/v7e-m+fp/hard/crtn.o
                0x00000000080038d8                . = ALIGN (0x4)
                0x00000000080038d8                _etext = .

.vfp11_veneer   0x00000000080038d8        0x0
 .vfp11_veneer  0x00000000080038d8        0x0 linker stubs

.v4_bx          0x00000000080038d8        0x0
 .v4_bx         0x00000000080038d8        0x0 linker stubs

.iplt           0x00000000080038d8        0x0
 .iplt          0x00000000080038d8        0x0 C:/ST/STM32CubeIDE_1.14.1/STM32CubeIDE/plugins/com.st.stm32cube.ide.mcu.externaltools.gnu-tools-for-stm32.11.3.rel1.win32_1.1.100.202309141235/tools/bin/../lib/gcc/arm-none-eabi/11.3.1/thumb/v7e-m+fp/hard/crtbegin.o

.rodata         0x00000000080038d8       0x28
                0x00000000080038d8                . = ALIGN (0x4)
 *(.rodata)
 .rodata        0x00000000080038d8        0x8 ./Core/Src_cpp/Adafruit_RA8875.o
 *(.rodata*)
 .rodata.AHBPrescTable
                0x00000000080038e0       0x10 ./Core/Src/system_stm32f4xx.o
                0x00000000080038e0                AHBPrescTable
 .rodata._ZTV15Adafruit_RA8875
                0x00000000080038f0       0x10 ./Core/Src_cpp/Adafruit_RA8875.o
                0x00000000080038f0                vtable for Adafruit_RA8875
                0x0000000008003900                . = ALIGN (0x4)

.ARM.extab      0x0000000008003900        0x0
                0x0000000008003900                . = ALIGN (0x4)
 *(.ARM.extab* .gnu.linkonce.armextab.*)
                0x0000000008003900                . = ALIGN (0x4)

.ARM            0x0000000008003900        0x8
                0x0000000008003900                . = ALIGN (0x4)
                0x0000000008003900                __exidx_start = .
 *(.ARM.exidx*)
 .ARM.exidx     0x0000000008003900        0x8 C:/ST/STM32CubeIDE_1.14.1/STM32CubeIDE/plugins/com.st.stm32cube.ide.mcu.externaltools.gnu-tools-for-stm32.11.3.rel1.win32_1.1.100.202309141235/tools/bin/../lib/gcc/arm-none-eabi/11.3.1/thumb/v7e-m+fp/hard\libgcc.a(_udivmoddi4.o)
                0x0000000008003908                __exidx_end = .
                0x0000000008003908                . = ALIGN (0x4)

.rel.dyn        0x0000000008003908        0x0
 .rel.iplt      0x0000000008003908        0x0 C:/ST/STM32CubeIDE_1.14.1/STM32CubeIDE/plugins/com.st.stm32cube.ide.mcu.externaltools.gnu-tools-for-stm32.11.3.rel1.win32_1.1.100.202309141235/tools/bin/../lib/gcc/arm-none-eabi/11.3.1/thumb/v7e-m+fp/hard/crtbegin.o

.preinit_array  0x0000000008003908        0x0
                0x0000000008003908                . = ALIGN (0x4)
                0x0000000008003908                PROVIDE (__preinit_array_start = .)
 *(.preinit_array*)
                0x0000000008003908                PROVIDE (__preinit_array_end = .)
                0x0000000008003908                . = ALIGN (0x4)

.init_array     0x0000000008003908        0x4
                0x0000000008003908                . = ALIGN (0x4)
                0x0000000008003908                PROVIDE (__init_array_start = .)
 *(SORT_BY_NAME(.init_array.*))
 *(.init_array*)
 .init_array    0x0000000008003908        0x4 C:/ST/STM32CubeIDE_1.14.1/STM32CubeIDE/plugins/com.st.stm32cube.ide.mcu.externaltools.gnu-tools-for-stm32.11.3.rel1.win32_1.1.100.202309141235/tools/bin/../lib/gcc/arm-none-eabi/11.3.1/thumb/v7e-m+fp/hard/crtbegin.o
                0x000000000800390c                PROVIDE (__init_array_end = .)
                0x000000000800390c                . = ALIGN (0x4)

.fini_array     0x000000000800390c        0x4
                0x000000000800390c                . = ALIGN (0x4)
                [!provide]                        PROVIDE (__fini_array_start = .)
 *(SORT_BY_NAME(.fini_array.*))
 *(.fini_array*)
 .fini_array    0x000000000800390c        0x4 C:/ST/STM32CubeIDE_1.14.1/STM32CubeIDE/plugins/com.st.stm32cube.ide.mcu.externaltools.gnu-tools-for-stm32.11.3.rel1.win32_1.1.100.202309141235/tools/bin/../lib/gcc/arm-none-eabi/11.3.1/thumb/v7e-m+fp/hard/crtbegin.o
                [!provide]                        PROVIDE (__fini_array_end = .)
                0x0000000008003910                . = ALIGN (0x4)
                0x0000000008003910                _sidata = LOADADDR (.data)

.data           0x0000000020000000       0x1c load address 0x0000000008003910
                0x0000000020000000                . = ALIGN (0x4)
                0x0000000020000000                _sdata = .
 *(.data)
 *(.data*)
 .data.csPort   0x0000000020000000        0x4 ./Core/Src/main.o
                0x0000000020000000                csPort
 .data.csPin    0x0000000020000004        0x2 ./Core/Src/main.o
                0x0000000020000004                csPin
 *fill*         0x0000000020000006        0x2 
 .data.rstPort  0x0000000020000008        0x4 ./Core/Src/main.o
                0x0000000020000008                rstPort
 .data.rstPin   0x000000002000000c        0x2 ./Core/Src/main.o
                0x000000002000000c                rstPin
 *fill*         0x000000002000000e        0x2 
 .data.SystemCoreClock
                0x0000000020000010        0x4 ./Core/Src/system_stm32f4xx.o
                0x0000000020000010                SystemCoreClock
 .data.uwTickPrio
                0x0000000020000014        0x4 ./Drivers/STM32F4xx_HAL_Driver/Src/stm32f4xx_hal.o
                0x0000000020000014                uwTickPrio
 .data.uwTickFreq
                0x0000000020000018        0x1 ./Drivers/STM32F4xx_HAL_Driver/Src/stm32f4xx_hal.o
                0x0000000020000018                uwTickFreq
 *(.RamFunc)
 *(.RamFunc*)
                0x000000002000001c                . = ALIGN (0x4)
 *fill*         0x0000000020000019        0x3 
                0x000000002000001c                _edata = .
                0x000000000800392c                _siccmram = LOADADDR (.ccmram)

.igot.plt       0x000000002000001c        0x0 load address 0x000000000800392c
 .igot.plt      0x000000002000001c        0x0 C:/ST/STM32CubeIDE_1.14.1/STM32CubeIDE/plugins/com.st.stm32cube.ide.mcu.externaltools.gnu-tools-for-stm32.11.3.rel1.win32_1.1.100.202309141235/tools/bin/../lib/gcc/arm-none-eabi/11.3.1/thumb/v7e-m+fp/hard/crtbegin.o

.ccmram         0x0000000010000000        0x0 load address 0x000000000800392c
                0x0000000010000000                . = ALIGN (0x4)
                0x0000000010000000                _sccmram = .
 *(.ccmram)
 *(.ccmram*)
                0x0000000010000000                . = ALIGN (0x4)
                0x0000000010000000                _eccmram = .
                0x0000000010000000                . = ALIGN (0x4)

.bss            0x000000002000001c       0x20
                0x000000002000001c                _sbss = .
                0x000000002000001c                __bss_start__ = _sbss
 *(.bss)
 .bss           0x000000002000001c       0x1c C:/ST/STM32CubeIDE_1.14.1/STM32CubeIDE/plugins/com.st.stm32cube.ide.mcu.externaltools.gnu-tools-for-stm32.11.3.rel1.win32_1.1.100.202309141235/tools/bin/../lib/gcc/arm-none-eabi/11.3.1/thumb/v7e-m+fp/hard/crtbegin.o
 *(.bss*)
 .bss.uwTick    0x0000000020000038        0x4 ./Drivers/STM32F4xx_HAL_Driver/Src/stm32f4xx_hal.o
                0x0000000020000038                uwTick
 *(COMMON)
                0x000000002000003c                . = ALIGN (0x4)
                0x000000002000003c                _ebss = .
                0x000000002000003c                __bss_end__ = _ebss

._user_heap_stack
                0x000000002000003c      0x604
                0x0000000020000040                . = ALIGN (0x8)
 *fill*         0x000000002000003c        0x4 
                [!provide]                        PROVIDE (end = .)
                0x0000000020000040                PROVIDE (_end = .)
                0x0000000020000240                . = (. + _Min_Heap_Size)
 *fill*         0x0000000020000040      0x200 
                0x0000000020000640                . = (. + _Min_Stack_Size)
 *fill*         0x0000000020000240      0x400 
                0x0000000020000640                . = ALIGN (0x8)

/DISCARD/
 libc.a(*)
 libm.a(*)
 libgcc.a(*)

.ARM.attributes
                0x0000000000000000       0x30
 *(.ARM.attributes)
 .ARM.attributes
                0x0000000000000000       0x1e C:/ST/STM32CubeIDE_1.14.1/STM32CubeIDE/plugins/com.st.stm32cube.ide.mcu.externaltools.gnu-tools-for-stm32.11.3.rel1.win32_1.1.100.202309141235/tools/bin/../lib/gcc/arm-none-eabi/11.3.1/thumb/v7e-m+fp/hard/crti.o
 .ARM.attributes
                0x000000000000001e       0x34 C:/ST/STM32CubeIDE_1.14.1/STM32CubeIDE/plugins/com.st.stm32cube.ide.mcu.externaltools.gnu-tools-for-stm32.11.3.rel1.win32_1.1.100.202309141235/tools/bin/../lib/gcc/arm-none-eabi/11.3.1/thumb/v7e-m+fp/hard/crtbegin.o
 .ARM.attributes
                0x0000000000000052       0x34 ./Core/Src/error_handler.o
 .ARM.attributes
                0x0000000000000086       0x34 ./Core/Src/main.o
 .ARM.attributes
                0x00000000000000ba       0x34 ./Core/Src/stm32f4xx_it.o
 .ARM.attributes
                0x00000000000000ee       0x34 ./Core/Src/system_stm32f4xx.o
 .ARM.attributes
                0x0000000000000122       0x34 ./Core/Src_cpp/Adafruit_RA8875.o
 .ARM.attributes
                0x0000000000000156       0x34 ./Core/Src_cpp/GPIO.o
 .ARM.attributes
                0x000000000000018a       0x34 ./Core/Src_cpp/SPI.o
 .ARM.attributes
                0x00000000000001be       0x21 ./Core/Startup/startup_stm32f407vgtx.o
 .ARM.attributes
                0x00000000000001df       0x34 ./Drivers/STM32F4xx_HAL_Driver/Src/stm32f4xx_hal.o
 .ARM.attributes
                0x0000000000000213       0x34 ./Drivers/STM32F4xx_HAL_Driver/Src/stm32f4xx_hal_cortex.o
 .ARM.attributes
                0x0000000000000247       0x34 ./Drivers/STM32F4xx_HAL_Driver/Src/stm32f4xx_hal_gpio.o
 .ARM.attributes
                0x000000000000027b       0x34 ./Drivers/STM32F4xx_HAL_Driver/Src/stm32f4xx_hal_rcc.o
 .ARM.attributes
                0x00000000000002af       0x34 ./Drivers/STM32F4xx_HAL_Driver/Src/stm32f4xx_hal_spi.o
 .ARM.attributes
                0x00000000000002e3       0x34 C:/ST/STM32CubeIDE_1.14.1/STM32CubeIDE/plugins/com.st.stm32cube.ide.mcu.externaltools.gnu-tools-for-stm32.11.3.rel1.win32_1.1.100.202309141235/tools/bin/../lib/gcc/arm-none-eabi/11.3.1/../../../../arm-none-eabi/lib/thumb/v7e-m+fp/hard\libc_nano.a(libc_a-init.o)
 .ARM.attributes
                0x0000000000000317       0x17 C:/ST/STM32CubeIDE_1.14.1/STM32CubeIDE/plugins/com.st.stm32cube.ide.mcu.externaltools.gnu-tools-for-stm32.11.3.rel1.win32_1.1.100.202309141235/tools/bin/../lib/gcc/arm-none-eabi/11.3.1/../../../../arm-none-eabi/lib/thumb/v7e-m+fp/hard\libc_nano.a(libc_a-strlen.o)
 .ARM.attributes
                0x000000000000032e       0x1e C:/ST/STM32CubeIDE_1.14.1/STM32CubeIDE/plugins/com.st.stm32cube.ide.mcu.externaltools.gnu-tools-for-stm32.11.3.rel1.win32_1.1.100.202309141235/tools/bin/../lib/gcc/arm-none-eabi/11.3.1/thumb/v7e-m+fp/hard\libgcc.a(_aeabi_uldivmod.o)
 .ARM.attributes
                0x000000000000034c       0x34 C:/ST/STM32CubeIDE_1.14.1/STM32CubeIDE/plugins/com.st.stm32cube.ide.mcu.externaltools.gnu-tools-for-stm32.11.3.rel1.win32_1.1.100.202309141235/tools/bin/../lib/gcc/arm-none-eabi/11.3.1/thumb/v7e-m+fp/hard\libgcc.a(_udivmoddi4.o)
 .ARM.attributes
                0x0000000000000380       0x1e C:/ST/STM32CubeIDE_1.14.1/STM32CubeIDE/plugins/com.st.stm32cube.ide.mcu.externaltools.gnu-tools-for-stm32.11.3.rel1.win32_1.1.100.202309141235/tools/bin/../lib/gcc/arm-none-eabi/11.3.1/thumb/v7e-m+fp/hard\libgcc.a(_dvmd_tls.o)
 .ARM.attributes
                0x000000000000039e       0x1e C:/ST/STM32CubeIDE_1.14.1/STM32CubeIDE/plugins/com.st.stm32cube.ide.mcu.externaltools.gnu-tools-for-stm32.11.3.rel1.win32_1.1.100.202309141235/tools/bin/../lib/gcc/arm-none-eabi/11.3.1/thumb/v7e-m+fp/hard/crtn.o
OUTPUT(RA8875_touchscreen.elf elf32-littlearm)
LOAD linker stubs
LOAD C:/ST/STM32CubeIDE_1.14.1/STM32CubeIDE/plugins/com.st.stm32cube.ide.mcu.externaltools.gnu-tools-for-stm32.11.3.rel1.win32_1.1.100.202309141235/tools/bin/../lib/gcc/arm-none-eabi/11.3.1/../../../../arm-none-eabi/lib/thumb/v7e-m+fp/hard\libc.a
LOAD C:/ST/STM32CubeIDE_1.14.1/STM32CubeIDE/plugins/com.st.stm32cube.ide.mcu.externaltools.gnu-tools-for-stm32.11.3.rel1.win32_1.1.100.202309141235/tools/bin/../lib/gcc/arm-none-eabi/11.3.1/../../../../arm-none-eabi/lib/thumb/v7e-m+fp/hard\libm.a
LOAD C:/ST/STM32CubeIDE_1.14.1/STM32CubeIDE/plugins/com.st.stm32cube.ide.mcu.externaltools.gnu-tools-for-stm32.11.3.rel1.win32_1.1.100.202309141235/tools/bin/../lib/gcc/arm-none-eabi/11.3.1/thumb/v7e-m+fp/hard\libgcc.a

.comment        0x0000000000000000       0x43
 .comment       0x0000000000000000       0x43 C:/ST/STM32CubeIDE_1.14.1/STM32CubeIDE/plugins/com.st.stm32cube.ide.mcu.externaltools.gnu-tools-for-stm32.11.3.rel1.win32_1.1.100.202309141235/tools/bin/../lib/gcc/arm-none-eabi/11.3.1/thumb/v7e-m+fp/hard/crtbegin.o
                                         0x44 (size before relaxing)
 .comment       0x0000000000000043       0x44 ./Core/Src/error_handler.o
 .comment       0x0000000000000043       0x44 ./Core/Src/main.o
 .comment       0x0000000000000043       0x44 ./Core/Src/stm32f4xx_it.o
 .comment       0x0000000000000043       0x44 ./Core/Src/system_stm32f4xx.o
 .comment       0x0000000000000043       0x44 ./Core/Src_cpp/Adafruit_RA8875.o
 .comment       0x0000000000000043       0x44 ./Core/Src_cpp/GPIO.o
 .comment       0x0000000000000043       0x44 ./Core/Src_cpp/SPI.o
 .comment       0x0000000000000043       0x44 ./Drivers/STM32F4xx_HAL_Driver/Src/stm32f4xx_hal.o
 .comment       0x0000000000000043       0x44 ./Drivers/STM32F4xx_HAL_Driver/Src/stm32f4xx_hal_cortex.o
 .comment       0x0000000000000043       0x44 ./Drivers/STM32F4xx_HAL_Driver/Src/stm32f4xx_hal_gpio.o
 .comment       0x0000000000000043       0x44 ./Drivers/STM32F4xx_HAL_Driver/Src/stm32f4xx_hal_rcc.o
 .comment       0x0000000000000043       0x44 ./Drivers/STM32F4xx_HAL_Driver/Src/stm32f4xx_hal_spi.o

.debug_info     0x0000000000000000     0xa02c
 .debug_info    0x0000000000000000       0x3d ./Core/Src/error_handler.o
 .debug_info    0x000000000000003d     0x1ceb ./Core/Src/main.o
 .debug_info    0x0000000000001d28       0x92 ./Core/Src/stm32f4xx_it.o
 .debug_info    0x0000000000001dba      0x512 ./Core/Src/system_stm32f4xx.o
 .debug_info    0x00000000000022cc     0x2c49 ./Core/Src_cpp/Adafruit_RA8875.o
 .debug_info    0x0000000000004f15      0x7e6 ./Core/Src_cpp/GPIO.o
 .debug_info    0x00000000000056fb      0xda7 ./Core/Src_cpp/SPI.o
 .debug_info    0x00000000000064a2       0x23 ./Core/Startup/startup_stm32f407vgtx.o
 .debug_info    0x00000000000064c5      0x944 ./Drivers/STM32F4xx_HAL_Driver/Src/stm32f4xx_hal.o
 .debug_info    0x0000000000006e09      0xd8c ./Drivers/STM32F4xx_HAL_Driver/Src/stm32f4xx_hal_cortex.o
 .debug_info    0x0000000000007b95      0x6c3 ./Drivers/STM32F4xx_HAL_Driver/Src/stm32f4xx_hal_gpio.o
 .debug_info    0x0000000000008258      0x8af ./Drivers/STM32F4xx_HAL_Driver/Src/stm32f4xx_hal_rcc.o
 .debug_info    0x0000000000008b07     0x1525 ./Drivers/STM32F4xx_HAL_Driver/Src/stm32f4xx_hal_spi.o

.debug_abbrev   0x0000000000000000     0x1c9c
 .debug_abbrev  0x0000000000000000       0x2d ./Core/Src/error_handler.o
 .debug_abbrev  0x000000000000002d      0x44f ./Core/Src/main.o
 .debug_abbrev  0x000000000000047c       0x58 ./Core/Src/stm32f4xx_it.o
 .debug_abbrev  0x00000000000004d4      0x11a ./Core/Src/system_stm32f4xx.o
 .debug_abbrev  0x00000000000005ee      0x4d3 ./Core/Src_cpp/Adafruit_RA8875.o
 .debug_abbrev  0x0000000000000ac1      0x26c ./Core/Src_cpp/GPIO.o
 .debug_abbrev  0x0000000000000d2d      0x327 ./Core/Src_cpp/SPI.o
 .debug_abbrev  0x0000000000001054       0x12 ./Core/Startup/startup_stm32f407vgtx.o
 .debug_abbrev  0x0000000000001066      0x214 ./Drivers/STM32F4xx_HAL_Driver/Src/stm32f4xx_hal.o
 .debug_abbrev  0x000000000000127a      0x31d ./Drivers/STM32F4xx_HAL_Driver/Src/stm32f4xx_hal_cortex.o
 .debug_abbrev  0x0000000000001597      0x1d4 ./Drivers/STM32F4xx_HAL_Driver/Src/stm32f4xx_hal_gpio.o
 .debug_abbrev  0x000000000000176b      0x2b7 ./Drivers/STM32F4xx_HAL_Driver/Src/stm32f4xx_hal_rcc.o
 .debug_abbrev  0x0000000000001a22      0x27a ./Drivers/STM32F4xx_HAL_Driver/Src/stm32f4xx_hal_spi.o

.debug_aranges  0x0000000000000000      0x868
 .debug_aranges
                0x0000000000000000       0x20 ./Core/Src/error_handler.o
 .debug_aranges
                0x0000000000000020       0x28 ./Core/Src/main.o
 .debug_aranges
                0x0000000000000048       0x20 ./Core/Src/stm32f4xx_it.o
 .debug_aranges
                0x0000000000000068       0x28 ./Core/Src/system_stm32f4xx.o
 .debug_aranges
                0x0000000000000090      0x248 ./Core/Src_cpp/Adafruit_RA8875.o
 .debug_aranges
                0x00000000000002d8       0x48 ./Core/Src_cpp/GPIO.o
 .debug_aranges
                0x0000000000000320       0x50 ./Core/Src_cpp/SPI.o
 .debug_aranges
                0x0000000000000370       0x28 ./Core/Startup/startup_stm32f407vgtx.o
 .debug_aranges
                0x0000000000000398       0xf0 ./Drivers/STM32F4xx_HAL_Driver/Src/stm32f4xx_hal.o
 .debug_aranges
                0x0000000000000488      0x130 ./Drivers/STM32F4xx_HAL_Driver/Src/stm32f4xx_hal_cortex.o
 .debug_aranges
                0x00000000000005b8       0x58 ./Drivers/STM32F4xx_HAL_Driver/Src/stm32f4xx_hal_gpio.o
 .debug_aranges
                0x0000000000000610       0x88 ./Drivers/STM32F4xx_HAL_Driver/Src/stm32f4xx_hal_rcc.o
 .debug_aranges
                0x0000000000000698      0x1d0 ./Drivers/STM32F4xx_HAL_Driver/Src/stm32f4xx_hal_spi.o

.debug_rnglists
                0x0000000000000000      0x645
 .debug_rnglists
                0x0000000000000000       0x13 ./Core/Src/error_handler.o
 .debug_rnglists
                0x0000000000000013       0x1b ./Core/Src/main.o
 .debug_rnglists
                0x000000000000002e       0x13 ./Core/Src/stm32f4xx_it.o
 .debug_rnglists
                0x0000000000000041       0x1a ./Core/Src/system_stm32f4xx.o
 .debug_rnglists
                0x000000000000005b      0x1c3 ./Core/Src_cpp/Adafruit_RA8875.o
 .debug_rnglists
                0x000000000000021e       0x32 ./Core/Src_cpp/GPIO.o
 .debug_rnglists
                0x0000000000000250       0x39 ./Core/Src_cpp/SPI.o
 .debug_rnglists
                0x0000000000000289       0x19 ./Core/Startup/startup_stm32f407vgtx.o
 .debug_rnglists
                0x00000000000002a2       0xaf ./Drivers/STM32F4xx_HAL_Driver/Src/stm32f4xx_hal.o
 .debug_rnglists
                0x0000000000000351       0xe0 ./Drivers/STM32F4xx_HAL_Driver/Src/stm32f4xx_hal_cortex.o
 .debug_rnglists
                0x0000000000000431       0x3f ./Drivers/STM32F4xx_HAL_Driver/Src/stm32f4xx_hal_gpio.o
 .debug_rnglists
                0x0000000000000470       0x66 ./Drivers/STM32F4xx_HAL_Driver/Src/stm32f4xx_hal_rcc.o
 .debug_rnglists
                0x00000000000004d6      0x16f ./Drivers/STM32F4xx_HAL_Driver/Src/stm32f4xx_hal_spi.o

.debug_macro    0x0000000000000000    0x2336a
 .debug_macro   0x0000000000000000       0x1b ./Core/Src/error_handler.o
 .debug_macro   0x000000000000001b      0xb50 ./Core/Src/error_handler.o
 .debug_macro   0x0000000000000b6b      0x34f ./Core/Src/main.o
 .debug_macro   0x0000000000000eba      0x2a1 ./Core/Src/main.o
 .debug_macro   0x000000000000115b       0x2e ./Core/Src/main.o
 .debug_macro   0x0000000000001189       0x2f ./Core/Src/main.o
 .debug_macro   0x00000000000011b8       0x1c ./Core/Src/main.o
 .debug_macro   0x00000000000011d4       0x22 ./Core/Src/main.o
 .debug_macro   0x00000000000011f6       0x8e ./Core/Src/main.o
 .debug_macro   0x0000000000001284       0x51 ./Core/Src/main.o
 .debug_macro   0x00000000000012d5      0x103 ./Core/Src/main.o
 .debug_macro   0x00000000000013d8       0x6a ./Core/Src/main.o
 .debug_macro   0x0000000000001442      0x1df ./Core/Src/main.o
 .debug_macro   0x0000000000001621       0x1c ./Core/Src/main.o
 .debug_macro   0x000000000000163d       0x22 ./Core/Src/main.o
 .debug_macro   0x000000000000165f       0xfb ./Core/Src/main.o
 .debug_macro   0x000000000000175a     0x1011 ./Core/Src/main.o
 .debug_macro   0x000000000000276b      0x11f ./Core/Src/main.o
 .debug_macro   0x000000000000288a    0x15e97 ./Core/Src/main.o
 .debug_macro   0x0000000000018721       0x6d ./Core/Src/main.o
 .debug_macro   0x000000000001878e     0x369a ./Core/Src/main.o
 .debug_macro   0x000000000001be28      0x17b ./Core/Src/main.o
 .debug_macro   0x000000000001bfa3       0x5c ./Core/Src/main.o
 .debug_macro   0x000000000001bfff      0x980 ./Core/Src/main.o
 .debug_macro   0x000000000001c97f      0x9e9 ./Core/Src/main.o
 .debug_macro   0x000000000001d368      0x115 ./Core/Src/main.o
 .debug_macro   0x000000000001d47d      0x13e ./Core/Src/main.o
 .debug_macro   0x000000000001d5bb       0xa5 ./Core/Src/main.o
 .debug_macro   0x000000000001d660      0x174 ./Core/Src/main.o
 .debug_macro   0x000000000001d7d4      0x287 ./Core/Src/main.o
 .debug_macro   0x000000000001da5b       0x5f ./Core/Src/main.o
 .debug_macro   0x000000000001daba      0x236 ./Core/Src/main.o
 .debug_macro   0x000000000001dcf0      0x12c ./Core/Src/main.o
 .debug_macro   0x000000000001de1c      0x21e ./Core/Src/main.o
 .debug_macro   0x000000000001e03a       0x2e ./Core/Src/main.o
 .debug_macro   0x000000000001e068      0x1b5 ./Core/Src/main.o
 .debug_macro   0x000000000001e21d       0xd6 ./Core/Src/main.o
 .debug_macro   0x000000000001e2f3      0x127 ./Core/Src/main.o
 .debug_macro   0x000000000001e41a       0x7e ./Core/Src/main.o
 .debug_macro   0x000000000001e498       0x89 ./Core/Src/main.o
 .debug_macro   0x000000000001e521      0x225 ./Core/Src/main.o
 .debug_macro   0x000000000001e746      0x293 ./Core/Src/main.o
 .debug_macro   0x000000000001e9d9       0x98 ./Core/Src/main.o
 .debug_macro   0x000000000001ea71      0x12d ./Core/Src/main.o
 .debug_macro   0x000000000001eb9e       0x16 ./Core/Src/main.o
 .debug_macro   0x000000000001ebb4      0x1b2 ./Core/Src/main.o
 .debug_macro   0x000000000001ed66       0x10 ./Core/Src/main.o
 .debug_macro   0x000000000001ed76      0x3ed ./Core/Src/main.o
 .debug_macro   0x000000000001f163       0x61 ./Core/Src/main.o
 .debug_macro   0x000000000001f1c4       0x2a ./Core/Src/main.o
 .debug_macro   0x000000000001f1ee       0x43 ./Core/Src/main.o
 .debug_macro   0x000000000001f231       0x34 ./Core/Src/main.o
 .debug_macro   0x000000000001f265       0x16 ./Core/Src/main.o
 .debug_macro   0x000000000001f27b       0x43 ./Core/Src/main.o
 .debug_macro   0x000000000001f2be       0x34 ./Core/Src/main.o
 .debug_macro   0x000000000001f2f2       0x10 ./Core/Src/main.o
 .debug_macro   0x000000000001f302       0x58 ./Core/Src/main.o
 .debug_macro   0x000000000001f35a       0x8e ./Core/Src/main.o
 .debug_macro   0x000000000001f3e8       0x16 ./Core/Src/main.o
 .debug_macro   0x000000000001f3fe      0x177 ./Core/Src/main.o
 .debug_macro   0x000000000001f575      0x38c ./Core/Src/main.o
 .debug_macro   0x000000000001f901       0x10 ./Core/Src/main.o
 .debug_macro   0x000000000001f911       0x35 ./Core/Src/main.o
 .debug_macro   0x000000000001f946       0x20 ./Core/Src/main.o
 .debug_macro   0x000000000001f966       0x8e ./Core/Src/main.o
 .debug_macro   0x000000000001f9f4       0x40 ./Core/Src/main.o
 .debug_macro   0x000000000001fa34       0x6a ./Core/Src/main.o
 .debug_macro   0x000000000001fa9e      0x516 ./Core/Src/main.o
 .debug_macro   0x000000000001ffb4       0x1c ./Core/Src/main.o
 .debug_macro   0x000000000001ffd0      0x1ed ./Core/Src/stm32f4xx_it.o
 .debug_macro   0x00000000000201bd      0xaa8 ./Core/Src/stm32f4xx_it.o
 .debug_macro   0x0000000000020c65     0x1011 ./Core/Src/stm32f4xx_it.o
 .debug_macro   0x0000000000021c76      0x174 ./Core/Src/stm32f4xx_it.o
 .debug_macro   0x0000000000021dea      0x1ed ./Core/Src/system_stm32f4xx.o
 .debug_macro   0x0000000000021fd7      0x334 ./Core/Src_cpp/Adafruit_RA8875.o
 .debug_macro   0x000000000002230b      0x304 ./Core/Src_cpp/GPIO.o
 .debug_macro   0x000000000002260f      0x321 ./Core/Src_cpp/SPI.o
 .debug_macro   0x0000000000022930      0x24d ./Drivers/STM32F4xx_HAL_Driver/Src/stm32f4xx_hal.o
 .debug_macro   0x0000000000022b7d      0x1ed ./Drivers/STM32F4xx_HAL_Driver/Src/stm32f4xx_hal_cortex.o
 .debug_macro   0x0000000000022d6a      0x1f3 ./Drivers/STM32F4xx_HAL_Driver/Src/stm32f4xx_hal_gpio.o
 .debug_macro   0x0000000000022f5d      0x211 ./Drivers/STM32F4xx_HAL_Driver/Src/stm32f4xx_hal_rcc.o
 .debug_macro   0x000000000002316e      0x1fc ./Drivers/STM32F4xx_HAL_Driver/Src/stm32f4xx_hal_spi.o

.debug_line     0x0000000000000000     0xa089
 .debug_line    0x0000000000000000       0x7b ./Core/Src/error_handler.o
 .debug_line    0x000000000000007b      0xc87 ./Core/Src/main.o
 .debug_line    0x0000000000000d02      0x76a ./Core/Src/stm32f4xx_it.o
 .debug_line    0x000000000000146c      0x7fc ./Core/Src/system_stm32f4xx.o
 .debug_line    0x0000000000001c68     0x1a58 ./Core/Src_cpp/Adafruit_RA8875.o
 .debug_line    0x00000000000036c0      0xc11 ./Core/Src_cpp/GPIO.o
 .debug_line    0x00000000000042d1      0xe5b ./Core/Src_cpp/SPI.o
 .debug_line    0x000000000000512c       0x7a ./Core/Startup/startup_stm32f407vgtx.o
 .debug_line    0x00000000000051a6      0xa62 ./Drivers/STM32F4xx_HAL_Driver/Src/stm32f4xx_hal.o
 .debug_line    0x0000000000005c08      0xd5c ./Drivers/STM32F4xx_HAL_Driver/Src/stm32f4xx_hal_cortex.o
 .debug_line    0x0000000000006964      0xbd6 ./Drivers/STM32F4xx_HAL_Driver/Src/stm32f4xx_hal_gpio.o
 .debug_line    0x000000000000753a      0xdf3 ./Drivers/STM32F4xx_HAL_Driver/Src/stm32f4xx_hal_rcc.o
 .debug_line    0x000000000000832d     0x1d5c ./Drivers/STM32F4xx_HAL_Driver/Src/stm32f4xx_hal_spi.o

.debug_str      0x0000000000000000    0xc822e
 .debug_str     0x0000000000000000     0x3158 ./Core/Src/error_handler.o
 .debug_str     0x0000000000003158    0xc37c1 ./Core/Src/main.o
                                      0xc6de8 (size before relaxing)
 .debug_str     0x00000000000c6919      0x231 ./Core/Src/stm32f4xx_it.o
                                      0xbed83 (size before relaxing)
 .debug_str     0x00000000000c6b4a      0x1c6 ./Core/Src/system_stm32f4xx.o
                                      0xbef49 (size before relaxing)
 .debug_str     0x00000000000c6d10      0x189 ./Core/Src_cpp/Adafruit_RA8875.o
                                      0xc6662 (size before relaxing)
 .debug_str     0x00000000000c6e99       0xca ./Core/Src_cpp/GPIO.o
                                      0xc4074 (size before relaxing)
 .debug_str     0x00000000000c6f63       0x55 ./Core/Src_cpp/SPI.o
                                      0xc4790 (size before relaxing)
 .debug_str     0x00000000000c6fb8       0x34 ./Core/Startup/startup_stm32f407vgtx.o
                                         0xaa (size before relaxing)
 .debug_str     0x00000000000c6fec      0x598 ./Drivers/STM32F4xx_HAL_Driver/Src/stm32f4xx_hal.o
                                      0xbfacd (size before relaxing)
 .debug_str     0x00000000000c7584      0x392 ./Drivers/STM32F4xx_HAL_Driver/Src/stm32f4xx_hal_cortex.o
                                      0xbf849 (size before relaxing)
 .debug_str     0x00000000000c7916      0x108 ./Drivers/STM32F4xx_HAL_Driver/Src/stm32f4xx_hal_gpio.o
                                      0xbf0c4 (size before relaxing)
 .debug_str     0x00000000000c7a1e      0x254 ./Drivers/STM32F4xx_HAL_Driver/Src/stm32f4xx_hal_rcc.o
                                      0xbf37d (size before relaxing)
 .debug_str     0x00000000000c7c72      0x5bc ./Drivers/STM32F4xx_HAL_Driver/Src/stm32f4xx_hal_spi.o
                                      0xbf807 (size before relaxing)

.debug_frame    0x0000000000000000     0x21ac
 .debug_frame   0x0000000000000000       0x28 ./Core/Src/error_handler.o
 .debug_frame   0x0000000000000028       0x58 ./Core/Src/main.o
 .debug_frame   0x0000000000000080       0x2c ./Core/Src/stm32f4xx_it.o
 .debug_frame   0x00000000000000ac       0x58 ./Core/Src/system_stm32f4xx.o
 .debug_frame   0x0000000000000104      0xa2c ./Core/Src_cpp/Adafruit_RA8875.o
 .debug_frame   0x0000000000000b30       0xe8 ./Core/Src_cpp/GPIO.o
 .debug_frame   0x0000000000000c18      0x124 ./Core/Src_cpp/SPI.o
 .debug_frame   0x0000000000000d3c      0x374 ./Drivers/STM32F4xx_HAL_Driver/Src/stm32f4xx_hal.o
 .debug_frame   0x00000000000010b0      0x508 ./Drivers/STM32F4xx_HAL_Driver/Src/stm32f4xx_hal_cortex.o
 .debug_frame   0x00000000000015b8      0x14c ./Drivers/STM32F4xx_HAL_Driver/Src/stm32f4xx_hal_gpio.o
 .debug_frame   0x0000000000001704      0x1f4 ./Drivers/STM32F4xx_HAL_Driver/Src/stm32f4xx_hal_rcc.o
 .debug_frame   0x00000000000018f8      0x828 ./Drivers/STM32F4xx_HAL_Driver/Src/stm32f4xx_hal_spi.o
 .debug_frame   0x0000000000002120       0x2c C:/ST/STM32CubeIDE_1.14.1/STM32CubeIDE/plugins/com.st.stm32cube.ide.mcu.externaltools.gnu-tools-for-stm32.11.3.rel1.win32_1.1.100.202309141235/tools/bin/../lib/gcc/arm-none-eabi/11.3.1/../../../../arm-none-eabi/lib/thumb/v7e-m+fp/hard\libc_nano.a(libc_a-init.o)
 .debug_frame   0x000000000000214c       0x2c C:/ST/STM32CubeIDE_1.14.1/STM32CubeIDE/plugins/com.st.stm32cube.ide.mcu.externaltools.gnu-tools-for-stm32.11.3.rel1.win32_1.1.100.202309141235/tools/bin/../lib/gcc/arm-none-eabi/11.3.1/thumb/v7e-m+fp/hard\libgcc.a(_aeabi_uldivmod.o)
 .debug_frame   0x0000000000002178       0x34 C:/ST/STM32CubeIDE_1.14.1/STM32CubeIDE/plugins/com.st.stm32cube.ide.mcu.externaltools.gnu-tools-for-stm32.11.3.rel1.win32_1.1.100.202309141235/tools/bin/../lib/gcc/arm-none-eabi/11.3.1/thumb/v7e-m+fp/hard\libgcc.a(_udivmoddi4.o)

.debug_line_str
                0x0000000000000000       0x9e
 .debug_line_str
                0x0000000000000000       0x9e ./Core/Startup/startup_stm32f407vgtx.o
                                         0xb6 (size before relaxing)
