18:27:07 **** Incremental Build of configuration Debug for project RA8875_touchscreen ****
make -j16 all 
arm-none-eabi-g++ "../Core/Src_cpp/Adafruit_RA8875.cpp" -mcpu=cortex-m4 -std=gnu++11 -g3 -DDEBUG -DUSE_HAL_DRIVER -DSTM32F407xx -c -I../USB_HOST/App -I../Core/Src_cpp -I../Core/Inc_hpp -I../USB_HOST/Target -I../Core/Inc -I../Drivers/STM32F4xx_HAL_Driver/Inc -I../Drivers/STM32F4xx_HAL_Driver/Inc/Legacy -I../Middlewares/ST/STM32_USB_Host_Library/Core/Inc -I../Middlewares/ST/STM32_USB_Host_Library/Class/CDC/Inc -I../Drivers/CMSIS/Device/ST/STM32F4xx/Include -I../Drivers/CMSIS/Include -O0 -ffunction-sections -fdata-sections -fno-exceptions -fno-rtti -fno-use-cxa-atexit -Wall -fstack-usage -fcyclomatic-complexity -MMD -MP -MF"Core/Src_cpp/Adafruit_RA8875.d" -MT"Core/Src_cpp/Adafruit_RA8875.o" --specs=nano.specs -mfpu=fpv4-sp-d16 -mfloat-abi=hard -mthumb -o "Core/Src_cpp/Adafruit_RA8875.o"
arm-none-eabi-g++ "../Core/Src/main.cpp" -mcpu=cortex-m4 -std=gnu++11 -g3 -DDEBUG -DUSE_HAL_DRIVER -DSTM32F407xx -c -I../USB_HOST/App -I../Core/Src_cpp -I../Core/Inc_hpp -I../USB_HOST/Target -I../Core/Inc -I../Drivers/STM32F4xx_HAL_Driver/Inc -I../Drivers/STM32F4xx_HAL_Driver/Inc/Legacy -I../Middlewares/ST/STM32_USB_Host_Library/Core/Inc -I../Middlewares/ST/STM32_USB_Host_Library/Class/CDC/Inc -I../Drivers/CMSIS/Device/ST/STM32F4xx/Include -I../Drivers/CMSIS/Include -O0 -ffunction-sections -fdata-sections -fno-exceptions -fno-rtti -fno-use-cxa-atexit -Wall -fstack-usage -fcyclomatic-complexity -MMD -MP -MF"Core/Src/main.d" -MT"Core/Src/main.o" --specs=nano.specs -mfpu=fpv4-sp-d16 -mfloat-abi=hard -mthumb -o "Core/Src/main.o"
arm-none-eabi-g++ -o "RA8875_touchscreen.elf" @"objects.list"   -mcpu=cortex-m4 -T"C:\Users\jarla\OneDrive - Mattiq, Inc\Documents\MCU Dev\embedded_touchscreen\Adafruit_RA8875\RA8875_touchscreen\STM32F407VGTX_FLASH.ld" --specs=nosys.specs -Wl,-Map="RA8875_touchscreen.map" -Wl,--gc-sections -static --specs=nano.specs -mfpu=fpv4-sp-d16 -mfloat-abi=hard -mthumb -Wl,--start-group -lc -lm -lstdc++ -lsupc++ -Wl,--end-group
Finished building target: RA8875_touchscreen.elf
 
arm-none-eabi-size  RA8875_touchscreen.elf 
arm-none-eabi-objdump -h -S RA8875_touchscreen.elf  > "RA8875_touchscreen.list"
   text	   data	    bss	    dec	    hex	filename
  14620	     36	   1572	  16228	   3f64	RA8875_touchscreen.elf
Finished building: default.size.stdout
 
Finished building: RA8875_touchscreen.list
 
18:27:20 **** Incremental Build of configuration Debug for project RA8875_touchscreen ****
make -j16 all 
arm-none-eabi-size  RA8875_touchscreen.elf 
   text	   data	    bss	    dec	    hex	filename
  14620	     36	   1572	  16228	   3f64	RA8875_touchscreen.elf
Finished building: default.size.stdout
 
